// Jest Snapshot v1, https://goo.gl/fbAQLP

exports[`<Button /> should match snapshot 1`] = `
.c0 {
  border-radius: 50px;
  background: #01BF71;
  white-space: nowrap;
  padding: 12px 30px;
  color: #FFFFFF;
  font-size: 16px;
  outline: none;
  border: none;
  cursor: pointer;
  display: -webkit-box;
  display: -webkit-flex;
  display: -ms-flexbox;
  display: flex;
  -webkit-box-pack: center;
  -webkit-justify-content: center;
  -ms-flex-pack: center;
  justify-content: center;
  -webkit-align-items: center;
  -webkit-box-align: center;
  -ms-flex-align: center;
  align-items: center;
  -webkit-transition: all 0.2s ease-in-out;
  transition: all 0.2s ease-in-out;
}

.c0:hover {
  -webkit-transition: all 0.2s ease-in-out;
  transition: all 0.2s ease-in-out;
  background: #FFFFFF;
}

<button
  class="c0"
>
  text
</button>
`;
